Archive member included to satisfy reference by file (symbol)

/opt/riscv32i/lib/gcc/riscv32-unknown-elf/8.2.0/libgcc.a(div.o)
                              firmware/print.o (__udivsi3)

Discarded input sections

 .debug_line    0x0000000000000000      0x169 /opt/riscv32i/lib/gcc/riscv32-unknown-elf/8.2.0/libgcc.a(div.o)
 .debug_info    0x0000000000000000       0x26 /opt/riscv32i/lib/gcc/riscv32-unknown-elf/8.2.0/libgcc.a(div.o)
 .debug_abbrev  0x0000000000000000       0x14 /opt/riscv32i/lib/gcc/riscv32-unknown-elf/8.2.0/libgcc.a(div.o)
 .debug_aranges
                0x0000000000000000       0x20 /opt/riscv32i/lib/gcc/riscv32-unknown-elf/8.2.0/libgcc.a(div.o)
 .debug_str     0x0000000000000000       0xa2 /opt/riscv32i/lib/gcc/riscv32-unknown-elf/8.2.0/libgcc.a(div.o)

Memory Configuration

Name             Origin             Length             Attributes
mem              0x0000000000000000 0x0000000000018000
*default*        0x0000000000000000 0xffffffffffffffff

Linker script and memory map


.memory         0x0000000000000000      0x390
                0x0000000000000000                . = 0x0
 start*(.text)
 *(.text)
 .text          0x0000000000000000       0x92 firmware/start.o
 .text          0x0000000000000092       0x8e firmware/print.o
                0x0000000000000092                print_chr
                0x000000000000009a                print_str
                0x00000000000000ac                print_dec
                0x00000000000000f8                print_hex
 .text          0x0000000000000120       0xee firmware/sieve.o
                0x00000000000001aa                sieve
 *fill*         0x000000000000020e        0x2 
 .text          0x0000000000000210       0xb4 /opt/riscv32i/lib/gcc/riscv32-unknown-elf/8.2.0/libgcc.a(div.o)
                0x0000000000000210                __divsi3
                0x0000000000000218                __udivsi3
                0x0000000000000260                __umodsi3
                0x0000000000000294                __modsi3
 *(*)
 .data          0x00000000000002c4        0x0 firmware/start.o
 .bss           0x00000000000002c4        0x0 firmware/start.o
 .data          0x00000000000002c4        0x0 firmware/print.o
 .bss           0x00000000000002c4        0x0 firmware/print.o
 .rodata.str1.4
                0x00000000000002c4       0x11 firmware/print.o
 .comment       0x00000000000002d5       0x11 firmware/print.o
                                         0x12 (size before relaxing)
 .data          0x00000000000002e6        0x0 firmware/sieve.o
 *fill*         0x00000000000002e6        0x2 
 .bss           0x00000000000002e8       0x80 firmware/sieve.o
 .rodata.str1.4
                0x0000000000000368       0x28 firmware/sieve.o
                                         0x27 (size before relaxing)
 .comment       0x0000000000000390       0x12 firmware/sieve.o
 .data          0x0000000000000390        0x0 /opt/riscv32i/lib/gcc/riscv32-unknown-elf/8.2.0/libgcc.a(div.o)
 .bss           0x0000000000000390        0x0 /opt/riscv32i/lib/gcc/riscv32-unknown-elf/8.2.0/libgcc.a(div.o)
                0x00000000000003a2                end = .
                0x00000000000003a4                . = ALIGN (0x4)
LOAD firmware/start.o
LOAD firmware/print.o
LOAD firmware/sieve.o
LOAD /opt/riscv32i/lib/gcc/riscv32-unknown-elf/8.2.0/libgcc.a
OUTPUT(firmware/firmware.elf elf32-littleriscv)
